Gym has been unmaintained since 2022 and does not support NumPy 2.0 amongst other critical functionality.
Please upgrade to Gymnasium, the maintained drop-in replacement of Gym, or contact the authors of your software and request that they upgrade.
See the migration guide at https://gymnasium.farama.org/introduction/migration_guide/ for additional information.
2026-08-16 14:51:30,436 Initializing dataset ObjectNav-v1
2026-08-16 14:51:32,951 initializing sim Sim-v0
Renderer: NVIDIA GeForce RTX 4060 Laptop GPU/PCIe/SSE2 by NVIDIA Corporation
OpenGL version: 4.6.0 NVIDIA 570.133.07
Using optional features:
    GL_ARB_vertex_array_object
    GL_ARB_separate_shader_objects
    GL_ARB_robustness
    GL_ARB_texture_storage
    GL_ARB_texture_view
    GL_ARB_framebuffer_no_attachments
    GL_ARB_invalidate_subdata
    GL_ARB_texture_storage_multisample
    GL_ARB_multi_bind
    GL_ARB_direct_state_access
    GL_ARB_get_texture_sub_image
    GL_ARB_texture_filter_anisotropic
    GL_KHR_debug
    GL_KHR_parallel_shader_compile
    GL_NV_depth_buffer_float
Using driver workarounds:
    no-forward-compatible-core-context
    nv-egl-incorrect-gl11-function-pointers
    no-layout-qualifiers-on-old-glsl
    nv-zero-context-profile-mask
    nv-implementation-color-read-format-dsa-broken
    nv-cubemap-inconsistent-compressed-image-size
    nv-cubemap-broken-full-compressed-image-query
    nv-compressed-block-size-in-bits
[14:51:33:142170]:[Warning]:[Metadata] SceneDatasetAttributes.cpp(107)::addNewSceneInstanceToDataset : Dataset : 'default' : Lighting Layout Attributes 'no_lights' specified in Scene Attributes but does not exist in dataset, so creating default.
2026-08-16 14:51:42,000 Initializing task ObjectNav-v1
Environment creation successful
Successfully read the previous set of metrics
  0%|          | 0/2195 [00:00<?, ?it/s]No cached answer for cabinet; using offline defaults (room=everywhere, threshold=0.30).
Agent is waiting in the environment!!!
Waiting for ROS to get odometry...
Waiting for ROS to get odometry...
Waiting for ROS to get odometry...
Waiting for ROS to get odometry...
Waiting for ROS to get odometry...
Waiting for ROS to get odometry...
Waiting for ROS to get odometry...
Waiting for ROS to get odometry...
Waiting for ROS to get odometry...
Waiting for ROS to get odometry...
Waiting for ROS to get odometry...
Waiting for ROS to get odometry...
Waiting for ROS to get odometry...
Agent is ready to go!!!!

--------------Step: 1--------------
Finding [cabinet]; Action: 5;
Error: Request failed. Retrying in 20-30 seconds...
Error: Request failed. Retrying in 20-30 seconds...
Error: Request failed. Retrying in 20-30 seconds...
Error: Request failed. Retrying in 20-30 seconds...
shutdown request: user request
Error: Request failed. Retrying in 20-30 seconds...
Error: Request failed. Retrying in 20-30 seconds...
Error: Request failed. Retrying in 20-30 seconds...
Error: Request failed. Retrying in 20-30 seconds...
Error: Request failed. Retrying in 20-30 seconds...
Request failed
  1%|          | 11/2195 [03:59<13:13:35, 21.80s/it]
